// Jest Snapshot v1, https://goo.gl/fbAQLP

exports[`NotFound renders correctly 1`] = `
<DocumentFragment>
  <div>
    NotFound
  </div>
</DocumentFragment>
`;
